---
source: src/env/mod.rs
expression: result_tuple
---
LineRiderSimulationResult {
    steps_taken: 18,
    goal_reached: true,
    checkpoint_reached: false,
    velocity_at_end: 11.772063,
    overall_velocity: 268.6566,
    overall_rotation: 21.910229,
    overall_height_gain: 1.4244409,
    closest_to_goal: 0.0,
    ended_because_of_no_movement: false,
    time_rider_touched_track: 640,
    time_rider_airborne: 880,
    total_time: 1520,
}
