---
source: src/util/track.rs
expression: curve
---
[
    Vec3(
        0.0,
        0.0,
        0.0,
    ),
    Vec3(
        0.040000003,
        -0.36,
        0.0,
    ),
    Vec3(
        0.16000001,
        -0.64,
        0.0,
    ),
    Vec3(
        0.36,
        -0.84000003,
        0.0,
    ),
    Vec3(
        0.64000005,
        -0.96000004,
        0.0,
    ),
    Vec3(
        1.0,
        -1.0,
        0.0,
    ),
]
